Renesas Optimizing Linker (W2.07.00 )             26-Jul-2018 17:14:24

*** Options ***

-noprelink
-subcommand=LinkerSubCommand.tmp
-input=".\src\IRO3.obj"
-input=".\src/apps/adc\adc.obj"
-input=".\src/apps/display\display.obj"
-input=".\src/apps/gpio\gpio.obj"
-input=".\src/apps/timer\timer.obj"
-input=".\src/apps/touch_app\button_actions.obj"
-input=".\src/apps/touch_app\touch_app.obj"
-input=".\src/apps/uart\uart.obj"
-input=".\src/apps/util\queue.obj"
-input=".\src/smc_gen/Config_CMT0\Config_CMT0.obj"
-input=".\src/smc_gen/Config_CMT0\Config_CMT0_user.obj"
-input=".\src/smc_gen/Config_CMT1\Config_CMT1.obj"
-input=".\src/smc_gen/Config_CMT1\Config_CMT1_user.obj"
-input=".\src/smc_gen/Config_PORT\Config_PORT.obj"
-input=".\src/smc_gen/Config_PORT\Config_PORT_user.obj"
-input=".\src/smc_gen/Config_S12AD0\Config_S12AD0.obj"
-input=".\src/smc_gen/Config_S12AD0\Config_S12AD0_user.obj"
-input=".\src/smc_gen/general\r_cg_hardware_setup.obj"
-input=".\src/smc_gen/general\r_smc_cgc.obj"
-input=".\src/smc_gen/general\r_smc_cgc_user.obj"
-input=".\src/smc_gen/general\r_smc_interrupt.obj"
-input=".\src/smc_gen/r_bsp/board/generic_rx130\dbsct.obj"
-input=".\src/smc_gen/r_bsp/board/generic_rx130\hwsetup.obj"
-input=".\src/smc_gen/r_bsp/board/generic_rx130\lowlvl.obj"
-input=".\src/smc_gen/r_bsp/board/generic_rx130\lowsrc.obj"
-input=".\src/smc_gen/r_bsp/board/generic_rx130\resetprg.obj"
-input=".\src/smc_gen/r_bsp/board/generic_rx130\sbrk.obj"
-input=".\src/smc_gen/r_bsp/board/generic_rx130\vecttbl.obj"
-input=".\src/smc_gen/r_bsp/mcu/all\r_bsp_common.obj"
-input=".\src/smc_gen/r_bsp/mcu/rx130\cpu.obj"
-input=".\src/smc_gen/r_bsp/mcu/rx130\locking.obj"
-input=".\src/smc_gen/r_bsp/mcu/rx130\mcu_clocks.obj"
-input=".\src/smc_gen/r_bsp/mcu/rx130\mcu_init.obj"
-input=".\src/smc_gen/r_bsp/mcu/rx130\mcu_interrupts.obj"
-input=".\src/smc_gen/r_bsp/mcu/rx130\mcu_locks.obj"
-input=".\src/smc_gen/r_flash_rx/src/flash_type_1\r_codeflash.obj"
-input=".\src/smc_gen/r_flash_rx/src/flash_type_1\r_codeflash_extra.obj"
-input=".\src/smc_gen/r_flash_rx/src/flash_type_1\r_dataflash.obj"
-input=".\src/smc_gen/r_flash_rx/src/flash_type_1\r_flash_type1.obj"
-input=".\src/smc_gen/r_flash_rx/src/flash_type_1\r_flash_utils.obj"
-input=".\src/smc_gen/r_flash_rx/src/flash_type_2\r_flash_type2.obj"
-input=".\src/smc_gen/r_flash_rx/src/flash_type_3\r_flash_type3.obj"
-input=".\src/smc_gen/r_flash_rx/src/flash_type_4\r_flash_type4.obj"
-input=".\src/smc_gen/r_flash_rx/src\r_flash_fcu.obj"
-input=".\src/smc_gen/r_flash_rx/src\r_flash_group.obj"
-input=".\src/smc_gen/r_flash_rx/src\r_flash_rx.obj"
-input=".\src/smc_gen/r_gpio_rx/src\r_gpio_rx.obj"
-input=".\src/smc_gen/r_gpio_rx/src/targets/rx130\r_gpio_rx130.obj"
-input=".\src/smc_gen/r_mpc_rx/src\r_mpc_rx.obj"
-input=".\src/smc_gen/r_pincfg\Pin.obj"
-input=".\src/touch_module/ctsu\button_config.obj"
-input=".\src/touch_module/ctsu\ctsu_config0.obj"
-input=".\src/touch_module/ctsu\ctsu_configs.obj"
-input=".\src/touch_module/ctsu\touch_config0.obj"
-input=".\src/touch_module/ctsu\touch_configs.obj"
-input=".\src/touch_module\ctsu_pin_info.obj"
-input=".\src/touch_module/r_ctsu_rx/src\r_ctsu_rx.obj"
-input=".\src/touch_module/r_touch_button/src\r_touch_button.obj"
-input=".\src/touch_module/r_touch_rx/src\r_touch_rx.obj"
-library=".\IRO3.lib"
-start=SU,SI,B_1,R_1,R_CTSU_1,R_TOUCH_1,B_2,R_2,R_CTSU_2,R_TOUCH_2,B,R,R_CTSU,R_TOUCH/04,C_1,C_2,C,C$*,D*,W*,L,P*/0FFFF0000,FIXEDVECT/0FFFFFF80
-output=IRO3.abs
-form=absolute
-nomessage
-vect=_undefined_interrupt_source_isr
-list=IRO3.map
-nooptimize
-rom=D=R,D_1=R_1,D_2=R_2,D_CTSU_1=R_CTSU_1,D_CTSU_2=R_CTSU_2,D_TOUCH=R_TOUCH,D_TOUCH_2=R_TOUCH_2
-nologo

*** Error information ***

*** Mapping List ***

SECTION                            START      END         SIZE   ALIGN
SU
                                  00000004  00000403       400   4
SI
                                  00000404  00000503       100   4
B_1
                                  00000504  000005af        ac   1
R_1
                                  000005b0  0000060b        5c   1
R_CTSU_1
                                  0000060c  0000061a         f   1
R_TOUCH_1
                                  0000061b  0000061b         0   1
B_2
                                  0000061c  0000073d       122   2
R_2
                                  0000073e  00000763        26   2
R_CTSU_2
                                  00000764  0000077b        18   2
R_TOUCH_2
                                  0000077c  00000781         6   2
B
                                  00000784  00000ea7       724   4
R
                                  00000ea8  000011a3       2fc   4
R_CTSU
                                  000011a4  000011a4         0   1
R_TOUCH
                                  000011a4  000011f3        50   4
C_1
                                  ffff0000  ffff0141       142   1
C_2
                                  ffff0142  ffff034d       20c   2
C
                                  ffff0350  ffff053f       1f0   4
C$DSEC
                                  ffff0540  ffff05c3        84   4
C$BSEC
                                  ffff05c4  ffff05db        18   4
C$VECT
                                  ffff05dc  ffff09db       400   4
D
                                  ffff09dc  ffff0cd7       2fc   4
D_1
                                  ffff0cd8  ffff0d33        5c   1
D_2
                                  ffff0d34  ffff0d59        26   2
D_CTSU
                                  ffff0d5a  ffff0d5a         0   1
D_CTSU_1
                                  ffff0d5a  ffff0d68         f   1
D_CTSU_2
                                  ffff0d6a  ffff0d81        18   2
D_TOUCH
                                  ffff0d84  ffff0dd3        50   4
D_TOUCH_1
                                  ffff0dd4  ffff0dd4         0   1
D_TOUCH_2
                                  ffff0dd4  ffff0dd9         6   2
W
                                  ffff0ddc  ffff0ddc         0   4
W_1
                                  ffff0ddc  ffff0dee        13   1
W_2
                                  ffff0df0  ffff0e2d        3e   2
L
                                  ffff0e30  ffff102c       1fd   4
P
                                  ffff102d  ffff9f22      8ef6   1
FIXEDVECT
                                  ffffff80  ffffffff        80   4
